PID      TTY      TIME       CMD 
5383     pts/1    00:00:00   ps 
24456    pts/1    00:00:01   bash 
