PID    USER     CPU   MEM   TIME        CMD 
5230   martin   6.2   0.0   0:00.02     top 
17643  matyas   6.2   4.9   7:37.23     firefox 
21998  martin   6.2   1.2   11:20.33    Xorg 
22158  martin   6.2   3.0   15:08.42    gnome-shell 
1      root     0.0   0.1   0:29.61     systemd 
2      root     0.0   0.0   0:00.12     kthreadd 
4      root     0.0   0.0   0:00.00     kworker/0:0H 
6      root     0.0   0.0   0:00.00     mm_percpu_wq 
7      root     0.0   0.0   0:00.88     ksoftirqd/0 
8      root     0.0   0.0   0:31.79     rcu_sched 
9      root     0.0   0.0   0:00.00     rcu_bh 
10     root     0.0   0.0   0:00.31     migration/0 
11     root     0.0   0.0   0:00.11     watchdog/0 
12     root     0.0   0.0   0:00.00     cpuhp/0 
13     root     0.0   0.0   0:00.02     cpuhp/1 
14     root     0.0   0.0   0:00.14     watchdog/1 
15     root     0.0   0.0   0:00.27     migration/1 
16     root     0.0   0.0   0:01.49     ksoftirqd/1 
18     root     0.0   0.0   0:00.00     kworker/1:0H 
19     root     0.0   0.0   0:00.03     cpuhp/2 
20     root     0.0   0.0   0:00.15     watchdog/2 
21     root     0.0   0.0   0:00.29     migration/2 
22     root     0.0   0.0   0:00.68     ksoftirqd/2 
24     root     0.0   0.0   0:00.00     kworker/2:0H 
25     root     0.0   0.0   0:00.02     cpuhp/3 
26     root     0.0   0.0   0:00.13     watchdog/3 
27     root     0.0   0.0   0:00.32     migration/3 
28     root     0.0   0.0   0:00.62     ksoftirqd/3 
30     root     0.0   0.0   0:00.00     kworker/3:0H 
31     root     0.0   0.0   0:00.01     kdevtmpfs 
32     root     0.0   0.0   0:00.00     netns 
33     root     0.0   0.0   0:00.00     rcu_tasks_kthre 
34     root     0.0   0.0   0:00.00     kauditd 
39     root     0.0   0.0   0:00.06     khungtaskd 
40     root     0.0   0.0   0:00.00     oom_reaper 
41     root     0.0   0.0   0:00.00     writeback 
42     root     0.0   0.0   0:00.00     kcompactd0 
43     root     0.0   0.0   0:00.00     ksmd 
44     root     0.0   0.0   0:00.00     khugepaged 
45     root     0.0   0.0   0:00.00     crypto 
46     root     0.0   0.0   0:00.00     kintegrityd 
47     root     0.0   0.0   0:00.00     kblockd 
48     root     0.0   0.0   0:00.00     ata_sff 
49     root     0.0   0.0   0:00.00     md 
50     root     0.0   0.0   0:00.00     edac-poller 
51     root     0.0   0.0   0:00.00     devfreq_wq 
52     root     0.0   0.0   0:00.00     watchdogd 
55     root     0.0   0.0   0:00.20     kswapd0 
57     root     0.0   0.0   0:00.00     ecryptfs-kthrea 
99     root     0.0   0.0   0:00.00     kthrotld 
100    root     0.0   0.0   0:00.00     acpi_thermal_pm 
105    root     0.0   0.0   0:00.00     ipv6_addrconf 
114    root     0.0   0.0   0:00.00     kstrp 
131    root     0.0   0.0   0:00.00     charger_manager 
177    root     0.0   0.0   0:00.00     nvme-wq 
209    root     0.0   0.0   0:00.15     kworker/1:1H 
210    root     0.0   0.0   0:00.16     kworker/2:1H 
212    root     0.0   0.0   0:03.12     jbd2/nvme0n1p2- 
213    root     0.0   0.0   0:00.00     ext4-rsv-conver 
246    root     0.0   0.0   0:00.16     kworker/3:1H 
248    root     0.0   0.4   0:03.29     systemd-journal 
251    root     0.0   0.0   0:00.16     kworker/0:1H 
282    root     0.0   0.1   0:00.91     systemd-udevd 
339    root     0.0   0.0   0:00.00     kmemstick 
350    root     0.0   0.0   0:00.00     ktpacpid 
357    root     0.0   0.0   0:00.00     cfg80211 
377    root     0.0   0.0   1:05.06     irq/129-iwlwifi 
382    root     0.0   0.0   0:18.45     i915/signal:0 
383    root     0.0   0.0   0:00.11     i915/signal:1 
384    root     0.0   0.0   0:00.10     i915/signal:2 
396    root     0.0   0.0   0:00.10     i915/signal:4 
475    root     0.0   0.0   0:00.00     loop0 
491    root     0.0   0.0   0:00.00     loop1 
496    root     0.0   0.0   0:00.00     loop2 
505    root     0.0   0.0   0:00.00     loop3 
523    root     0.0   0.0   0:00.00     loop5 
560    root     0.0   0.0   0:00.00     loop6 
561    root     0.0   0.0   0:00.00     loop7 
567    root     0.0   0.0   0:00.00     loop9 
574    root     0.0   0.0   0:00.00     loop10 
580    root     0.0   0.0   0:00.02     loop11 
585    root     0.0   0.0   0:00.00     loop12 
600    root     0.0   0.0   0:00.00     loop13 
604    root     0.0   0.0   0:00.00     loop14 
606    root     0.0   0.0   0:00.00     loop15 
607    root     0.0   0.0   0:00.00     loop16 
618    systemd+ 0.0   0.1   0:08.81     systemd-resolve 
621    systemd+ 0.0   0.0   0:00.19     systemd-timesyn 
630    root     0.0   0.0   0:00.00     loop18 
637    root     0.0   0.0   0:00.00     loop19 
638    root     0.0   0.0   0:00.00     loop20 
639    root     0.0   0.0   0:00.00     loop21 
641    root     0.0   0.0   0:00.00     loop23 
642    root     0.0   0.0   0:00.00     loop24 
643    root     0.0   0.0   0:00.00     loop25 
645    root     0.0   0.0   0:00.00     loop26 
741    message+ 0.0   0.1   0:27.68     dbus-daemon 
758    syslog   0.0   0.1   0:00.71     rsyslogd 
761    root     0.0   0.2   0:00.10     networkd-dispat 
763    root     0.0   0.1   0:00.33     udisksd 
766    root     0.0   0.1   0:00.20     bluetoothd 
771    root     0.0   0.1   0:01.67     wpa_supplicant 
782    root     0.0   0.1   0:03.74     ModemManager 
786    root     0.0   0.0   0:00.06     cron 
794    root     0.0   0.1   0:04.45     thermald 
799    avahi    0.0   0.0   0:04.61     avahi-daemon 
809    root     0.0   0.0   0:08.53     acpid 
810    martin   0.0   5.6   6:39.00     firefox 
812    root     0.0   0.0   0:05.14     irqbalance 
818    avahi    0.0   0.0   0:00.00     avahi-daemon 
819    root     0.0   0.2   0:19.24     NetworkManager 
825    root     0.0   0.1   0:01.24     accounts-daemon 
870    root     0.0   0.1   0:03.76     systemd-logind 
871    root     0.0   0.3   0:17.30     snapd 
885    martin   0.0   2.1   1:08.44     "Web Content" 
905    colord   0.0   0.2   0:00.55     colord 
907    root     0.0   0.1   0:03.29     polkitd 
930    root     0.0   0.2   0:00.09     unattended-upgr 
945    root     0.0   0.1   0:00.14     gdm3 
954    root     0.0   0.1   0:00.03     gdm-session-wor 
972    martin   0.0   4.0   1:04.68     WebExtensions 
982    gdm      0.0   0.1   0:00.33     systemd 
988    gdm      0.0   0.0   0:00.00     (sd-pam) 
1011   gdm      0.0   0.1   0:00.00     gdm-wayland-ses 
1013   gdm      0.0   0.1   0:00.25     dbus-daemon 
1015   gdm      0.0   0.2   0:00.34     gnome-session-b 
1027   gdm      0.0   1.5   1:44.77     gnome-shell 
1053   root     0.0   0.1   0:05.25     upowerd 
1101   gdm      0.0   0.6   0:00.16     Xwayland 
1109   gdm      0.0   0.1   0:00.00     at-spi-bus-laun 
1114   gdm      0.0   0.0   0:00.01     dbus-daemon 
1116   gdm      0.0   0.1   0:00.01     at-spi2-registr 
1120   gdm      0.0   0.1   0:00.21     pulseaudio 
1121   rtkit    0.0   0.0   0:00.53     rtkit-daemon 
1125   root     0.0   0.1   0:00.14     mbim-proxy 
1139   gdm      0.0   0.1   0:00.17     ibus-daemon 
1142   gdm      0.0   0.1   0:00.00     ibus-dconf 
1145   gdm      0.0   0.4   0:00.11     ibus-x11 
1149   gdm      0.0   0.1   0:00.00     ibus-portal 
1159   root     0.0   0.1   0:00.25     boltd 
1161   root     0.0   0.6   0:33.40     packagekitd 
1164   gdm      0.0   0.4   0:00.19     gsd-xsettings 
1168   gdm      0.0   0.1   0:00.01     gsd-a11y-settin 
1173   gdm      0.0   0.3   0:00.13     gsd-clipboard 
1176   gdm      0.0   0.4   0:06.89     gsd-color 
1178   gdm      0.0   0.2   0:00.02     gsd-datetime 
1179   gdm      0.0   0.1   0:00.00     gsd-housekeepin 
1180   gdm      0.0   0.4   0:00.20     gsd-keyboard 
1184   gdm      0.0   0.4   0:00.53     gsd-media-keys 
1185   gdm      0.0   0.1   0:00.00     gsd-mouse 
1188   gdm      0.0   0.4   0:01.22     gsd-power 
1189   gdm      0.0   0.1   0:00.01     gsd-print-notif 
1192   gdm      0.0   0.1   0:00.01     gsd-rfkill 
1195   gdm      0.0   0.1   0:00.00     gsd-screensaver 
1198   gdm      0.0   0.1   0:00.01     gsd-sharing 
1202   gdm      0.0   0.1   0:00.01     gsd-smartcard 
1205   gdm      0.0   0.1   0:00.01     gsd-sound 
1207   gdm      0.0   0.4   0:00.22     gsd-wacom 
1218   gdm      0.0   0.1   0:00.06     ibus-engine-sim 
1399   whoopsie 0.0   0.2   0:00.40     whoopsie 
1401   kernoops 0.0   0.0   0:02.27     kerneloops 
1403   kernoops 0.0   0.0   0:02.28     kerneloops 
1622   root     0.0   0.0   0:00.00     krfcommd 
2075   martin   0.0   3.7   3:46.20     "Web Content" 
2376   martin   0.0   1.0   1:51.26     gedit 
2479   root     0.0   0.3   0:01.29     fwupd 
3445   root     0.0   0.0   0:00.72     kworker/3:0 
3768   martin   0.0   1.7   0:10.84     "Web Content" 
4611   martin   0.0   1.7   0:06.79     "Web Content" 
4704   root     0.0   0.0   0:00.21     kworker/3:1 
4749   root     0.0   0.0   0:00.45     kworker/u8:2 
4805   root     0.0   0.0   0:00.67     kworker/u8:4 
4836   root     0.0   0.0   0:00.00     loop27 
4838   root     0.0   0.0   0:00.01     kworker/1:3 
4840   root     0.0   0.0   0:00.25     kworker/1:5 
4931   root     0.0   0.0   0:00.00     loop28 
4984   root     0.0   0.0   0:00.00     kworker/0:2 
4989   root     0.0   0.0   0:00.26     kworker/0:4 
4990   root     0.0   0.0   0:00.14     kworker/0:5 
5026   root     0.0   0.0   0:00.00     kworker/2:3 
5028   root     0.0   0.0   0:00.12     kworker/2:5 
5131   martin   0.0   1.0   0:00.31     "Web Content" 
5196   root     0.0   0.0   0:00.00     kworker/1:0 
5199   root     0.0   0.0   0:00.00     kworker/2:0 
5200   root     0.0   0.0   0:00.00     kworker/3:2 
5213   root     0.0   0.0   0:00.00     kworker/u8:0 
5220   root     0.0   0.0   0:00.00     kworker/u8:1 
5221   root     0.0   0.0   0:00.00     kworker/2:1 
5226   root     0.0   0.0   0:00.02     systemd-hostnam 
6602   root     0.0   0.0   0:02.46     kworker/u9:1 
15825  root     0.0   0.1   0:00.05     gdm-session-wor 
15830  matyas   0.0   0.1   0:00.39     systemd 
15831  matyas   0.0   0.0   0:00.00     (sd-pam) 
15844  matyas   0.0   0.1   0:00.11     gnome-keyring-d 
15848  matyas   0.0   0.1   0:00.01     gdm-x-session 
15850  matyas   0.0   1.7   1:59.44     Xorg 
15856  matyas   0.0   0.1   0:00.92     dbus-daemon 
15859  matyas   0.0   0.2   0:00.29     gnome-session-b 
15963  matyas   0.0   0.0   0:00.09     ssh-agent 
15966  matyas   0.0   0.1   0:00.00     at-spi-bus-laun 
15971  matyas   0.0   0.1   0:00.22     dbus-daemon 
15973  matyas   0.0   0.1   0:00.60     at-spi2-registr 
15987  matyas   0.0   0.1   0:00.09     gvfsd 
15992  matyas   0.0   0.1   0:00.00     gvfsd-fuse 
16006  matyas   0.0   0.1   0:00.16     dconf-service 
16015  matyas   0.0   0.1   0:00.00     gnome-keyring-d 
16063  matyas   0.0   4.0   2:13.90     gnome-shell 
16073  matyas   0.0   0.2   0:01.37     pulseaudio 
16085  matyas   0.0   0.1   0:12.26     ibus-daemon 
16091  matyas   0.0   0.1   0:00.00     ibus-dconf 
16093  matyas   0.0   0.3   0:00.13     ibus-x11 
16095  matyas   0.0   0.1   0:00.05     ibus-portal 
16106  matyas   0.0   0.3   0:00.05     gnome-shell-cal 
16110  matyas   0.0   0.3   0:00.10     evolution-sourc 
16118  matyas   0.0   0.4   0:00.11     goa-daemon 
16128  matyas   0.0   0.1   0:00.29     goa-identity-se 
16137  matyas   0.0   0.1   0:01.02     gvfs-udisks2-vo 
16141  matyas   0.0   0.1   0:00.04     gvfs-mtp-volume 
16145  matyas   0.0   0.1   0:00.04     gvfs-gphoto2-vo 
16149  matyas   0.0   0.1   0:00.02     gvfs-goa-volume 
16153  matyas   0.0   0.1   0:00.02     gvfs-afc-volume 
16158  matyas   0.0   0.1   0:00.02     gsd-mouse 
16162  matyas   0.0   0.3   0:00.57     gsd-power 
16165  matyas   0.0   0.1   0:00.02     gsd-print-notif 
16167  matyas   0.0   0.1   0:00.08     gsd-rfkill 
16170  matyas   0.0   0.1   0:00.02     gsd-screensaver 
16175  matyas   0.0   0.1   0:04.98     gsd-sharing 
16183  matyas   0.0   0.1   0:00.02     gsd-smartcard 
16184  matyas   0.0   0.1   0:00.02     gsd-sound 
16190  matyas   0.0   0.3   0:00.22     gsd-xsettings 
16193  matyas   0.0   0.3   0:00.19     gsd-wacom 
16204  matyas   0.0   0.1   0:00.02     gsd-a11y-settin 
16205  matyas   0.0   0.3   0:02.92     gsd-color 
16207  matyas   0.0   0.2   0:00.03     gsd-datetime 
16210  matyas   0.0   0.2   0:00.16     gsd-clipboard 
16212  matyas   0.0   0.3   0:00.20     gsd-keyboard 
16214  matyas   0.0   0.3   0:00.35     gsd-media-keys 
16220  matyas   0.0   0.1   0:01.55     gsd-housekeepin 
16247  matyas   0.0   0.2   0:00.01     gsd-printer 
16256  matyas   0.0   1.0   0:02.48     nautilus-deskto 
16260  matyas   0.0   0.1   0:00.02     gsd-disk-utilit 
16266  matyas   0.0   0.1   0:00.02     indicator-messa 
16277  matyas   0.0   0.1   0:00.14     gvfsd-trash 
16307  matyas   0.0   0.8   0:00.31     evolution-calen 
16324  matyas   0.0   0.8   0:00.46     evolution-calen 
16337  matyas   0.0   0.3   0:00.04     evolution-addre 
16345  matyas   0.0   0.1   0:03.77     ibus-engine-sim 
16353  matyas   0.0   0.3   0:00.13     evolution-addre 
16403  matyas   0.0   0.2   0:01.91     zeitgeist-datah 
16411  matyas   0.0   0.1   0:00.21     zeitgeist-daemo 
16417  matyas   0.0   0.2   0:00.12     zeitgeist-fts 
16463  matyas   0.0   2.1   0:05.56     gnome-software 
16716  matyas   0.0   0.3   0:00.62     update-notifier 
16838  matyas   0.0   0.5   0:02.50     gnome-terminal- 
16848  matyas   0.0   0.1   0:00.14     bash 
16866  matyas   0.0   0.4   0:00.14     deja-dup-monito 
17019  matyas   0.0   0.6   0:04.78     gedit 
17033  matyas   0.0   0.1   0:00.07     gvfsd-network 
17061  matyas   0.0   0.1   0:00.09     gvfsd-dnssd 
17072  matyas   0.0   0.1   0:00.01     gvfsd-metadata 
17180  matyas   0.0   0.1   0:00.10     oosplash 
17198  matyas   0.0   3.4   3:20.51     soffice.bin 
17713  matyas   0.0   3.5   18:24.64    "Web Content" 
17782  matyas   0.0   1.4   1:01.12     WebExtensions 
20848  matyas   0.0   1.0   0:00.31     "Web Content" 
21974  root     0.0   0.1   0:00.13     gdm-session-wor 
21978  martin   0.0   0.1   0:01.12     systemd 
21979  martin   0.0   0.0   0:00.00     (sd-pam) 
21992  martin   0.0   0.1   0:00.57     gnome-keyring-d 
21996  martin   0.0   0.1   0:00.01     gdm-x-session 
22004  martin   0.0   0.1   0:04.03     dbus-daemon 
22007  martin   0.0   0.2   0:01.89     gnome-session-b 
22111  martin   0.0   0.0   0:00.08     ssh-agent 
22114  martin   0.0   0.1   0:00.00     at-spi-bus-laun 
22119  martin   0.0   0.1   0:00.57     dbus-daemon 
22121  martin   0.0   0.1   0:02.22     at-spi2-registr 
22135  martin   0.0   0.1   0:00.12     gvfsd 
22140  martin   0.0   0.1   0:00.01     gvfsd-fuse 
22169  martin   0.0   0.2   2:26.67     pulseaudio 
22181  martin   0.0   0.1   1:00.36     ibus-daemon 
22185  martin   0.0   0.1   0:00.00     ibus-dconf 
22188  martin   0.0   0.3   0:00.37     ibus-x11 
22191  martin   0.0   0.1   0:00.32     ibus-portal 
22201  martin   0.0   0.3   0:00.08     gnome-shell-cal 
22205  martin   0.0   0.3   0:00.11     evolution-sourc 
22213  martin   0.0   0.4   0:00.10     goa-daemon 
22222  martin   0.0   0.1   0:00.22     goa-identity-se 
22232  martin   0.0   0.1   0:00.23     dconf-service 
22235  martin   0.0   0.1   0:00.98     gvfs-udisks2-vo 
22239  martin   0.0   0.1   0:00.04     gvfs-mtp-volume 
22243  martin   0.0   0.1   0:00.03     gvfs-gphoto2-vo 
22247  martin   0.0   0.1   0:00.02     gvfs-goa-volume 
22251  martin   0.0   0.1   0:00.02     gvfs-afc-volume 
22260  martin   0.0   0.3   0:01.25     gsd-power 
22261  martin   0.0   0.1   0:00.32     gsd-print-notif 
22262  martin   0.0   0.1   0:00.36     gsd-rfkill 
22264  martin   0.0   0.1   0:00.31     gsd-screensaver 
22269  martin   0.0   0.1   0:04.66     gsd-sharing 
22272  martin   0.0   0.1   0:00.31     gsd-smartcard 
22278  martin   0.0   0.1   0:00.29     gsd-sound 
22280  martin   0.0   0.3   0:00.93     gsd-xsettings 
22284  martin   0.0   0.3   0:00.75     gsd-wacom 
22299  martin   0.0   0.1   0:00.30     gsd-a11y-settin 
22301  martin   0.0   0.2   0:00.78     gsd-clipboard 
22304  martin   0.0   0.3   0:03.03     gsd-color 
22305  martin   0.0   0.2   0:00.32     gsd-datetime 
22306  martin   0.0   0.1   0:01.64     gsd-housekeepin 
22309  martin   0.0   0.3   0:00.75     gsd-keyboard 
22312  martin   0.0   0.3   0:01.38     gsd-media-keys 
22315  martin   0.0   0.1   0:00.31     gsd-mouse 
22344  martin   0.0   0.2   0:00.03     gsd-printer 
22351  martin   0.0   0.1   0:00.03     indicator-messa 
22352  martin   0.0   0.9   0:02.21     nautilus-deskto 
22353  martin   0.0   0.1   0:00.02     gsd-disk-utilit 
22385  martin   0.0   0.8   0:00.38     evolution-calen 
22398  martin   0.0   0.1   0:00.27     gvfsd-trash 
22429  martin   0.0   0.8   0:00.50     evolution-calen 
22430  martin   0.0   0.1   0:18.17     ibus-engine-sim 
22447  martin   0.0   0.1   0:00.03     gconfd-2 
22458  martin   0.0   0.3   0:00.05     evolution-addre 
22484  martin   0.0   0.3   0:00.13     evolution-addre 
22532  martin   0.0   0.1   0:00.25     gvfsd-metadata 
22824  martin   0.0   0.2   0:02.26     zeitgeist-datah 
22833  martin   0.0   0.1   0:00.77     zeitgeist-daemo 
22839  martin   0.0   0.2   0:00.95     zeitgeist-fts 
22892  martin   0.0   0.3   0:00.96     update-notifier 
22894  martin   0.0   2.0   0:04.42     gnome-software 
23244  martin   0.0   0.4   0:00.14     deja-dup-monito 
23677  root     0.0   0.0   0:01.25     kworker/u9:0 
24332  martin   0.0   0.1   0:00.11     gvfsd-network 
24367  martin   0.0   0.1   0:00.06     gvfsd-dnssd 
24446  martin   0.0   0.5   2:03.47     gnome-terminal- 
24456  martin   0.0   0.1   0:01.46     bash 
24498  martin   0.0   0.0   0:00.34     ssh-agent 
28620  root     0.0   0.0   0:00.00     irq/121-mei_me 
28673  root     0.0   0.1   0:00.01     dhclient 
29795  root     0.0   0.1   0:00.03     cupsd 
29796  root     0.0   0.1   0:00.04     cups-browsed 
