USER     TTY      FROM              LOGIN@  IDLE WHAT 
travis   console  -                 5:59    -    -   
travis   s000     10.182.0.83       5:59    -    "nc 127.0.0.1 15782" 
