USER       TTY      FROM                                      LOGIN@  IDLE WHAT 
sustrik    pts/0    51.154.87.41                              9:42AM  -    w   
